[2025-11-16 03:32:58] To: chrisjanejoy.patricio-21@cpu.edu.ph | Subject: Password Reset Request - LILAC

        <html>
        <body style='font-family: Arial, sans-serif;'>
            <div style='max-width: 600px; margin: 0 auto; padding: 20px;'>
                <h2 style='color: #137fec;'>Password Reset Request</h2>
                <p>Hello gioalexander,</p>
                <p>You have requested to reset your password for the LILAC system.</p>
                <p>Click the link below to reset your password:</p>
                <p style='margin: 20px 0;'>
                    <a href='http://localhost/lilac/api/reset-password.php?token=241bafbbffb4899d52d770235e398e049d0be4f9e2223e63fa95da771e0fcc4c' style='background-color: #137fec; color: white; padding: 12px 24px; text-decoration: none; border-radius: 5px; display: inline-block;'>Reset Password</a>
                </p>
                <p>This link will expire in 1 hour.</p>
                <p>If you did not request this, please ignore this email.</p>
                <p>Best regards,<br>LILAC System</p>
            </div>
        </body>
        </html>
    

[2025-11-16 03:35:49] To: chrisjanejoy.patricio-21@cpu.edu.ph | Subject: Password Reset Request - LILAC

        <html>
        <body style='font-family: Arial, sans-serif;'>
            <div style='max-width: 600px; margin: 0 auto; padding: 20px;'>
                <h2 style='color: #137fec;'>Password Reset Request</h2>
                <p>Hello gioalexander,</p>
                <p>You have requested to reset your password for the LILAC system.</p>
                <p>Click the link below to reset your password:</p>
                <p style='margin: 20px 0;'>
                    <a href='http://localhost/lilac/api/reset-password.php?token=dc18597bdab4ebc11ff4c3522343fc7ad37b0610acb2cc3259c3ab8aafa81d77' style='background-color: #137fec; color: white; padding: 12px 24px; text-decoration: none; border-radius: 5px; display: inline-block;'>Reset Password</a>
                </p>
                <p>This link will expire in 1 hour.</p>
                <p>If you did not request this, please ignore this email.</p>
                <p>Best regards,<br>LILAC System</p>
            </div>
        </body>
        </html>
    

[2025-11-16 03:37:43] To: chrisjanejoy.patricio-21@cpu.edu.ph | Subject: Password Reset Request - LILAC

        <html>
        <body style='font-family: Arial, sans-serif;'>
            <div style='max-width: 600px; margin: 0 auto; padding: 20px;'>
                <h2 style='color: #137fec;'>Password Reset Request</h2>
                <p>Hello gioalexander,</p>
                <p>You have requested to reset your password for the LILAC system.</p>
                <p>Click the link below to reset your password:</p>
                <p style='margin: 20px 0;'>
                    <a href='http://localhost/lilac/reset-password.php?token=6dbe65a0d0fda23886f57a462c6f6a475d8a694edcb683b42e2efb8698ed509f' style='background-color: #137fec; color: white; padding: 12px 24px; text-decoration: none; border-radius: 5px; display: inline-block;'>Reset Password</a>
                </p>
                <p>This link will expire in 1 hour.</p>
                <p>If you did not request this, please ignore this email.</p>
                <p>Best regards,<br>LILAC System</p>
            </div>
        </body>
        </html>
    

[2025-11-16 03:37:54] To: chrisjanejoy.patricio-21@cpu.edu.ph | Subject: Password Reset Request - LILAC

        <html>
        <body style='font-family: Arial, sans-serif;'>
            <div style='max-width: 600px; margin: 0 auto; padding: 20px;'>
                <h2 style='color: #137fec;'>Password Reset Request</h2>
                <p>Hello gioalexander,</p>
                <p>You have requested to reset your password for the LILAC system.</p>
                <p>Click the link below to reset your password:</p>
                <p style='margin: 20px 0;'>
                    <a href='http://localhost/lilac/reset-password.php?token=274173fbc5d34b78aa3668d4a4dc65348bf427938c302a8f63ffb8b2d1196f27' style='background-color: #137fec; color: white; padding: 12px 24px; text-decoration: none; border-radius: 5px; display: inline-block;'>Reset Password</a>
                </p>
                <p>This link will expire in 1 hour.</p>
                <p>If you did not request this, please ignore this email.</p>
                <p>Best regards,<br>LILAC System</p>
            </div>
        </body>
        </html>
    

[2025-11-16 03:37:59] To: chrisjanejoy.patricio-21@cpu.edu.ph | Subject: Password Reset Request - LILAC

        <html>
        <body style='font-family: Arial, sans-serif;'>
            <div style='max-width: 600px; margin: 0 auto; padding: 20px;'>
                <h2 style='color: #137fec;'>Password Reset Request</h2>
                <p>Hello gioalexander,</p>
                <p>You have requested to reset your password for the LILAC system.</p>
                <p>Click the link below to reset your password:</p>
                <p style='margin: 20px 0;'>
                    <a href='http://localhost/lilac/reset-password.php?token=e170a552563adeadf402c164a3b9646dea332c4bad3301d96727b33923ef76ca' style='background-color: #137fec; color: white; padding: 12px 24px; text-decoration: none; border-radius: 5px; display: inline-block;'>Reset Password</a>
                </p>
                <p>This link will expire in 1 hour.</p>
                <p>If you did not request this, please ignore this email.</p>
                <p>Best regards,<br>LILAC System</p>
            </div>
        </body>
        </html>
    

[2025-11-16 03:41:17] To: chrisjanejoy.patricio-21@cpu.edu.ph | Subject: Password Reset Request - LILAC

        <html>
        <body style='font-family: Arial, sans-serif;'>
            <div style='max-width: 600px; margin: 0 auto; padding: 20px;'>
                <h2 style='color: #137fec;'>Password Reset Request</h2>
                <p>Hello gioalexander,</p>
                <p>You have requested to reset your password for the LILAC system.</p>
                <p>Click the link below to reset your password:</p>
                <p style='margin: 20px 0;'>
                    <a href='http://localhost/lilac/reset-password.php?token=1bbb154f2f04c5c2ebe25334b92f9f5e6bd5f2678a89daabc5cc6629aa4dae0e' style='background-color: #137fec; color: white; padding: 12px 24px; text-decoration: none; border-radius: 5px; display: inline-block;'>Reset Password</a>
                </p>
                <p>This link will expire in 1 hour.</p>
                <p>If you did not request this, please ignore this email.</p>
                <p>Best regards,<br>LILAC System</p>
            </div>
        </body>
        </html>
    

[2025-11-16 03:41:25] To: chrisjanejoy.patricio-21@cpu.edu.ph | Subject: Password Reset Request - LILAC

        <html>
        <body style='font-family: Arial, sans-serif;'>
            <div style='max-width: 600px; margin: 0 auto; padding: 20px;'>
                <h2 style='color: #137fec;'>Password Reset Request</h2>
                <p>Hello gioalexander,</p>
                <p>You have requested to reset your password for the LILAC system.</p>
                <p>Click the link below to reset your password:</p>
                <p style='margin: 20px 0;'>
                    <a href='http://localhost/lilac/reset-password.php?token=59ba6780b45505ca6a433cb8e705fb380c15e8ec83cb1c63eee6d6bc9515d240' style='background-color: #137fec; color: white; padding: 12px 24px; text-decoration: none; border-radius: 5px; display: inline-block;'>Reset Password</a>
                </p>
                <p>This link will expire in 1 hour.</p>
                <p>If you did not request this, please ignore this email.</p>
                <p>Best regards,<br>LILAC System</p>
            </div>
        </body>
        </html>
    

[2025-11-16 03:41:55] To: chrisjanejoy.patricio-21@cpu.edu.ph | Subject: Password Reset Request - LILAC

        <html>
        <body style='font-family: Arial, sans-serif;'>
            <div style='max-width: 600px; margin: 0 auto; padding: 20px;'>
                <h2 style='color: #137fec;'>Password Reset Request</h2>
                <p>Hello gioalexander,</p>
                <p>You have requested to reset your password for the LILAC system.</p>
                <p>Click the link below to reset your password:</p>
                <p style='margin: 20px 0;'>
                    <a href='http://localhost/lilac/reset-password.php?token=995c4b3a6f2afabaf435a70337f8e3e2a37c360046f11a8ae681f438f1ba55fe' style='background-color: #137fec; color: white; padding: 12px 24px; text-decoration: none; border-radius: 5px; display: inline-block;'>Reset Password</a>
                </p>
                <p>This link will expire in 1 hour.</p>
                <p>If you did not request this, please ignore this email.</p>
                <p>Best regards,<br>LILAC System</p>
            </div>
        </body>
        </html>
    

[2025-11-16 04:15:51] To: chrisjanejoy.patricio-21@cpu.edu.ph | Subject: Password Reset Request - LILAC

        <html>
        <body style='font-family: Arial, sans-serif;'>
            <div style='max-width: 600px; margin: 0 auto; padding: 20px;'>
                <h2 style='color: #137fec;'>Password Reset Request</h2>
                <p>Hello gioalexander,</p>
                <p>You have requested to reset your password for the LILAC system.</p>
                <p>Click the link below to reset your password:</p>
                <p style='margin: 20px 0;'>
                    <a href='http://localhost/lilac/reset-password.php?token=735c24312463e8af1db9d2dcc90ef7a578691186c9bb09662644f735ea79a452' style='background-color: #137fec; color: white; padding: 12px 24px; text-decoration: none; border-radius: 5px; display: inline-block;'>Reset Password</a>
                </p>
                <p>This link will expire in 1 hour.</p>
                <p>If you did not request this, please ignore this email.</p>
                <p>Best regards,<br>LILAC System</p>
            </div>
        </body>
        </html>
    

[2025-11-16 04:15:55] To: chrisjanejoy.patricio-21@cpu.edu.ph | Subject: Password Reset Request - LILAC

        <html>
        <body style='font-family: Arial, sans-serif;'>
            <div style='max-width: 600px; margin: 0 auto; padding: 20px;'>
                <h2 style='color: #137fec;'>Password Reset Request</h2>
                <p>Hello gioalexander,</p>
                <p>You have requested to reset your password for the LILAC system.</p>
                <p>Click the link below to reset your password:</p>
                <p style='margin: 20px 0;'>
                    <a href='http://localhost/lilac/reset-password.php?token=6c24c6eb7ba3c7c84c576c35159ddab176c5442af95727cce9204b0378593a8e' style='background-color: #137fec; color: white; padding: 12px 24px; text-decoration: none; border-radius: 5px; display: inline-block;'>Reset Password</a>
                </p>
                <p>This link will expire in 1 hour.</p>
                <p>If you did not request this, please ignore this email.</p>
                <p>Best regards,<br>LILAC System</p>
            </div>
        </body>
        </html>
    

[2025-11-16 04:16:01] To: chrisjanejoy.patricio-21@cpu.edu.ph | Subject: Password Reset Request - LILAC

        <html>
        <body style='font-family: Arial, sans-serif;'>
            <div style='max-width: 600px; margin: 0 auto; padding: 20px;'>
                <h2 style='color: #137fec;'>Password Reset Request</h2>
                <p>Hello gioalexander,</p>
                <p>You have requested to reset your password for the LILAC system.</p>
                <p>Click the link below to reset your password:</p>
                <p style='margin: 20px 0;'>
                    <a href='http://localhost/lilac/reset-password.php?token=cab1266f89cb011d231fd800aa71619e9bf2ab62d01f4b16e8cf3ce7b49e8b68' style='background-color: #137fec; color: white; padding: 12px 24px; text-decoration: none; border-radius: 5px; display: inline-block;'>Reset Password</a>
                </p>
                <p>This link will expire in 1 hour.</p>
                <p>If you did not request this, please ignore this email.</p>
                <p>Best regards,<br>LILAC System</p>
            </div>
        </body>
        </html>
    

[2025-11-16 04:18:22] To: chrisjanejoy.patricio-21@cpu.edu.ph | Subject: Password Reset Request - LILAC

        <html>
        <body style='font-family: Arial, sans-serif;'>
            <div style='max-width: 600px; margin: 0 auto; padding: 20px;'>
                <h2 style='color: #137fec;'>Password Reset Request</h2>
                <p>Hello gioalexander,</p>
                <p>You have requested to reset your password for the LILAC system.</p>
                <p>Click the link below to reset your password:</p>
                <p style='margin: 20px 0;'>
                    <a href='http://localhost/lilac/reset-password.php?token=236fe0c52c6b54e71a48acc5c11fc9e0ab6a164ea5007050d536f9f2019912a2' style='background-color: #137fec; color: white; padding: 12px 24px; text-decoration: none; border-radius: 5px; display: inline-block;'>Reset Password</a>
                </p>
                <p>This link will expire in 1 hour.</p>
                <p>If you did not request this, please ignore this email.</p>
                <p>Best regards,<br>LILAC System</p>
            </div>
        </body>
        </html>
    

[2025-11-16 04:18:29] To: chrisjanejoy.patricio-21@cpu.edu.ph | Subject: Password Reset Request - LILAC

        <html>
        <body style='font-family: Arial, sans-serif;'>
            <div style='max-width: 600px; margin: 0 auto; padding: 20px;'>
                <h2 style='color: #137fec;'>Password Reset Request</h2>
                <p>Hello gioalexander,</p>
                <p>You have requested to reset your password for the LILAC system.</p>
                <p>Click the link below to reset your password:</p>
                <p style='margin: 20px 0;'>
                    <a href='http://localhost/lilac/reset-password.php?token=bca6249719d8e5b62b5aa09f382526ac23ac89d618056f403fa0a0706a0329e6' style='background-color: #137fec; color: white; padding: 12px 24px; text-decoration: none; border-radius: 5px; display: inline-block;'>Reset Password</a>
                </p>
                <p>This link will expire in 1 hour.</p>
                <p>If you did not request this, please ignore this email.</p>
                <p>Best regards,<br>LILAC System</p>
            </div>
        </body>
        </html>
    

[2025-11-16 04:21:32] To: chrisjanejoy.patricio-21@cpu.edu.ph | Subject: Password Reset Request - LILAC

        <html>
        <body style='font-family: Arial, sans-serif;'>
            <div style='max-width: 600px; margin: 0 auto; padding: 20px;'>
                <h2 style='color: #137fec;'>Password Reset Request</h2>
                <p>Hello gioalexander,</p>
                <p>You have requested to reset your password for the LILAC system.</p>
                <p>Click the link below to reset your password:</p>
                <p style='margin: 20px 0;'>
                    <a href='http://localhost/lilac/reset-password.php?token=6c65237520851f9e789469f25086d9b40a9196e01b23d674eff69cb479fbdb2d' style='background-color: #137fec; color: white; padding: 12px 24px; text-decoration: none; border-radius: 5px; display: inline-block;'>Reset Password</a>
                </p>
                <p>This link will expire in 1 hour.</p>
                <p>If you did not request this, please ignore this email.</p>
                <p>Best regards,<br>LILAC System</p>
            </div>
        </body>
        </html>
    

